mode: set
github.com/mach6/go-covercheck/pkg/math/math.go:5.49,6.16 1 1
github.com/mach6/go-covercheck/pkg/math/math.go:6.16,8.3 1 0
